// Jest Snapshot v1, https://goo.gl/fbAQLP

exports[`should render Header correctly 1`] = `
<div>
  <h1>
    Expensify
  </h1>
  <NavLink
    activeClassName="is-active"
    exact={true}
    to="/"
  >
    Dashboard
  </NavLink>
  <br />
  <NavLink
    activeClassName="is-active"
    to="/create"
  >
    Create Expense
  </NavLink>
  <br />
  <NavLink
    activeClassName="is-active"
    to="/edit/66"
  >
    Edit Expense
  </NavLink>
  <br />
  <NavLink
    activeClassName="is-active"
    to="/help"
  >
    Help
  </NavLink>
  <br />
</div>
`;
